// Jest Snapshot v1, https://goo.gl/fbAQLP

exports[`<AdminDashboard> should render component 1`] = `
<div
  className="admin-Dash"
>
  <p
    className="mainHead"
  >
    Admin Dashboard
  </p>
  <div
    className="mainInform"
  />
  <div
    className="SearchEvent"
  >
    <p
      className="mainHead"
    >
      Upcoming Events
    </p>
    <input
      onChange={[Function]}
      placeholder="Search..."
      style={
        Object {
          "border": "0.5px solid black",
          "borderRadius": "5px",
          "padding": "3px 40px",
          "textAlign": "center",
          "width": "150px",
        }
      }
      type="text"
    />
  </div>
  <div
    className="AdminEventList"
  >
    <div
      className="List-Buttons"
    />
  </div>
</div>
`;
