// Jest Snapshot v1, https://goo.gl/fbAQLP

exports[`<EventCreation> should render component 1`] = `
<div
  className="event-main-div"
>
  <div
    className="event-main-container1"
  >
    <h2>
      Create 
      Event
    </h2>
    <div
      className="eventCreation-field"
    >
      <div
        className="image-container"
      >
        <img
          alt="Logo"
          className="logo"
          src="Signin.jpeg"
        />
      </div>
      <div
        className="eventCreation-input-field"
      >
        <div
          className="button-group"
        >
          <button
            className="eventCreation-switchbutton"
            onClick={[Function]}
          >
            Event
          </button>
          <button
            className="eventCreation-switchbutton"
            onClick={[Function]}
          >
            Lecture
          </button>
        </div>
        <form
          onSubmit={[Function]}
        >
          <div
            className="eventCreation-form"
          >
            <div
              className="input-with-icon"
            >
              <input
                className="form-control mb-2"
                id="eventName"
                name="eventName"
                onChange={[Function]}
                placeholder="Event Name"
                type="text"
                value=""
              />
            </div>
          </div>
          <div
            className="eventCreation-form"
          >
            <div
              className="input-with-icon"
            >
              <input
                className="form-control mb-2"
                id="moduleName"
                name="moduleName"
                onChange={[Function]}
                placeholder="Module Name"
                type="text"
                value={null}
              />
            </div>
          </div>
          <div
            className="date-div"
          >
            <div
              className="eventCreation-form"
            >
              <div>
                <label
                  className="date-label"
                  htmlFor="eventDate"
                >
                  Event
                   Starting Date
                </label>
                <input
                  className="form-control mb-2"
                  onChange={[Function]}
                  type="date"
                  value=""
                />
              </div>
            </div>
            <div
              className="eventCreation-form"
            >
              <div>
                <label
                  className="date-label"
                  htmlFor="eventDate"
                >
                  Event
                   Ending Date
                </label>
                <input
                  className="form-control mb-2"
                  onChange={[Function]}
                  type="date"
                  value=""
                />
              </div>
            </div>
          </div>
          <div
            className="eventCreation-form"
          >
            <div>
              <select
                className="form-control mb-2"
                onChange={[Function]}
                value=""
              >
                <option
                  value=""
                >
                  Select Venue
                </option>
                <option
                  value="LT1"
                >
                  LT1
                </option>
                <option
                  value="LT2"
                >
                  LT2
                </option>
                <option
                  value="Auditorium"
                >
                  Auditorium
                </option>
                <option
                  value="NCC"
                >
                  NCC
                </option>
                <option
                  value="Other"
                >
                  Other
                </option>
              </select>
            </div>
          </div>
          <div
            className="eventCreation-form"
          >
            <div>
              <label
                className="form-label"
                htmlFor="eventDate"
              >
                Event
                 Starting Time
              </label>
              <input
                className="form-control mb-2"
                onChange={[Function]}
                placeholder="Event Time"
                type="time"
                value=""
              />
            </div>
          </div>
          <div
            className="eventCreation-form"
          />
          <button
            className="btn btn-primary w-100"
            type="submit"
          >
            Create 
            Event
          </button>
        </form>
      </div>
    </div>
  </div>
</div>
`;
