// Jest Snapshot v1, https://goo.gl/fbAQLP

exports[`<Staff> should render component 1`] = `
<div
  className="staff-container"
>
  <h2>
    Staff
  </h2>
  <div
    className="cards"
  >
    <div
      className="card"
      style={
        Object {
          "backgroundColor": "#0e7ac8",
        }
      }
    >
      <div
        className="top"
      >
        <div
          className="icon"
        />
        <div
          className="bottom"
        >
          5
        </div>
      </div>
      <div
        className="label"
      >
        Lecturer
      </div>
    </div>
    <div
      className="card"
      style={
        Object {
          "backgroundColor": "#0e7ac8",
        }
      }
    >
      <div
        className="top"
      >
        <div
          className="icon"
        />
        <div
          className="bottom"
        >
          7
        </div>
      </div>
      <div
        className="label"
      >
        Normal Staff
      </div>
    </div>
    <div
      className="card"
      style={
        Object {
          "backgroundColor": "#0e7ac8",
        }
      }
    >
      <div
        className="top"
      >
        <div
          className="icon"
        />
        <div
          className="bottom"
        >
          3
        </div>
      </div>
      <div
        className="label"
      >
        Admin
      </div>
    </div>
  </div>
  <div
    className="table"
  >
    <div
      className="heading"
    >
      Normal Staff Details
    </div>
    <table>
      <thead>
        <tr>
          <th>
            No
          </th>
          <th>
            Name
          </th>
          <th>
            Email
          </th>
          <th>
            Username
          </th>
          <th>
            Password
          </th>
          <th>
            Edit
          </th>
        </tr>
      </thead>
      <tbody>
        <tr>
          <td>
            1
          </td>
          <td>
            John Doe
          </td>
          <td>
            john.doe@example.com
          </td>
          <td>
            johndoe
          </td>
          <td>
            ****
          </td>
          <td />
        </tr>
        <tr>
          <td>
            1
          </td>
          <td>
            John Doe
          </td>
          <td>
            john.doe@example.com
          </td>
          <td>
            johndoe
          </td>
          <td>
            ****
          </td>
          <td />
        </tr>
      </tbody>
    </table>
    <div
      className="buttons"
    >
      <button
        className="create-button"
      >
         Create Lecturer Account
      </button>
      <button
        className="delete-button"
      >
         Delete
      </button>
    </div>
  </div>
</div>
`;
