// Jest Snapshot v1, https://goo.gl/fbAQLP

exports[`<EventAttendancetable> should render component 1`] = `
<div
  className="tableDesign"
>
  <table
    className="student-tableArrangement"
  >
    <thead>
      <tr>
        <th>
          No
        </th>
        <th
          className="expand"
        >
          Student Name
        </th>
        <th>
          Registration Number
        </th>
        <th>
          Attendance Date
        </th>
        <th>
          Attendance Time
        </th>
      </tr>
    </thead>
    <tbody />
  </table>
</div>
`;
