// Jest Snapshot v1, https://goo.gl/fbAQLP

exports[`<Signin> should render component 1`] = `
<div
  className="mainBackground"
>
  <div
    className="ComponentBackground"
  >
    <button
      className="back-button"
      onClick={[Function]}
    />
    <p
      className="head1"
    >
      LOGIN
    </p>
    <div
      className="content"
    >
      <div
        className="image-container"
      >
        <img
          alt=""
          className="Designer"
          src="Designer.jpeg"
        />
      </div>
      <div
        className="bodyContent"
      />
    </div>
  </div>
</div>
`;
