// Jest Snapshot v1, https://goo.gl/fbAQLP

exports[`<AdminEventCreation> should render component 1`] = `
<div
  className="event-main-container1"
>
  <div
    className="closeCreateEventWindow"
  />
  <h2>
    Create Event
  </h2>
  <div
    className="eventCreation-field"
  >
    <img
      alt="Logo"
      className="Create-logo"
      src="Signin.jpeg"
    />
    <div
      className="eventCreation-input-field"
    >
      <form
        onSubmit={[Function]}
      >
        <div
          className="input-with-icon"
        >
          <input
            className="form-control mb-2"
            id="eventName"
            name="eventName"
            onChange={[Function]}
            placeholder="Event Name"
            required={true}
            type="text"
            value=""
          />
        </div>
        <div
          className="date-div"
        >
          <div
            className="eventCreation-form"
          >
            <div>
              <label
                className="date-label"
                htmlFor="eventDate"
              >
                Event Starting Date
              </label>
              <input
                className="form-control mb-2"
                onChange={[Function]}
                required={true}
                type="date"
                value=""
              />
            </div>
          </div>
          <div
            className="eventCreation-form"
          >
            <div>
              <label
                className="date-label"
                htmlFor="eventDate"
              >
                Event Ending Date
              </label>
              <input
                className="form-control mb-2"
                onChange={[Function]}
                required={true}
                type="date"
                value=""
              />
            </div>
          </div>
        </div>
        <div
          className="eventCreation-form"
        >
          <div>
            <label
              className="date-label"
              htmlFor="eventDate"
            >
              Venue
            </label>
            <select
              className="form-control mb-2"
              onChange={[Function]}
              required={true}
              value=""
            >
              <option
                value=""
              >
                Select Venue
              </option>
              <option
                value="NCC"
              >
                NCC
              </option>
              <option
                value="LT1"
              >
                LT1
              </option>
              <option
                value="LT2"
              >
                LT2
              </option>
              <option
                value="Auditorium"
              >
                Auditorium
              </option>
              <option
                value="DEIE"
              >
                DEIE
              </option>
              <option
                value="DMME"
              >
                DMME
              </option>
              <option
                value="DCEE"
              >
                DCEE
              </option>
              <option
                value="Other"
              >
                Other
              </option>
            </select>
          </div>
        </div>
        <div
          className="eventCreation-form"
        >
          <div>
            <label
              className="form-label"
              htmlFor="eventDate"
            >
              Event Starting Time
            </label>
            <input
              className="form-control mb-2"
              onChange={[Function]}
              placeholder="Event Time"
              required={true}
              type="time"
              value=""
            />
          </div>
          <div
            className="eventCreation-form"
          >
            <div>
              <label
                className="form-label"
                htmlFor="enevtEndTime"
              >
                Event Ending Time
              </label>
              <input
                className="form-control mb-2"
                onChange={[Function]}
                placeholder="Event End Time"
                required={true}
                type="time"
                value=""
              />
            </div>
          </div>
        </div>
        <div
          className="eventCreation-form"
        />
        <button
          className="btn btn-primary w-100"
          onClick={[Function]}
          type="submit"
        >
          Create Event
        </button>
      </form>
    </div>
  </div>
</div>
`;
